2024-01-01 10 20 30 40 50 
2024-02-01 60 70 80 90 100 
